// Jest Snapshot v1, https://goo.gl/fbAQLP

exports[`HomePage snapshot 1`] = `
<div>
  <div>
    <form
      action=""
      className="styles__ContainerForm-sc-wedmof-0 dPZUAw"
    >
      <div>
        <p
          className="styles__Text-sc-wedmof-4 iCLgfV"
        >
          Número do cartão
        </p>
        <input
          className="styles__InputLarge-sc-wedmof-1 gGEqVy"
          type="number"
        />
      </div>
      <div>
        <p
          className="styles__Text-sc-wedmof-4 iCLgfV"
        >
          Nome do titular
        </p>
        <input
          className="styles__InputLarge-sc-wedmof-1 gGEqVy"
          type="number"
        />
      </div>
      <div
        className="styles__BoxInputSmall-sc-wedmof-2 lnSgfT"
      >
        <div>
          <p
            className="styles__Text-sc-wedmof-4 iCLgfV"
          >
            Expiração
          </p>
          <input
            className="styles__InputSmall-sc-wedmof-3 kJOAep"
            type="number"
          />
        </div>
        <div>
          <p
            className="styles__Text-sc-wedmof-4 iCLgfV"
          >
            CVC
          </p>
          <input
            className="styles__InputSmall-sc-wedmof-3 kJOAep"
            type="number"
          />
        </div>
      </div>
      <div
        className="styles__BoxButton-sc-wedmof-5 jprGjP"
      >
        <button
          className="styles__ButtonAddCard-sc-11nj3cj-0 eZHHSY"
        >
          Adicionar
        </button>
      </div>
    </form>
  </div>
</div>
`;
