// Jest Snapshot v1, https://goo.gl/fbAQLP

exports[`HomePage snapshot 1`] = `
<div>
  <div>
    <div
      className="styles__ContanerCard-sc-4f1d5k-0 hZqvfl"
    >
      <div>
        <p
          className="styles__NumberCard-sc-4f1d5k-1 kgiWKl"
        />
      </div>
      <div>
        <div
          className="styles__TitleDate-sc-4f1d5k-5 eaODtn"
        >
          Nome do titular
        </div>
        <p
          className="styles__CardholderName-sc-4f1d5k-2 dVFrPG"
        />
      </div>
      <div>
        <div
          className="styles__TitleDate-sc-4f1d5k-5 eaODtn"
        >
          Expiração
        </div>
        <p
          className="styles__CardExpiration-sc-4f1d5k-3 jUASOX"
        />
      </div>
      <div>
        <div
          className="styles__TitleDate-sc-4f1d5k-5 eaODtn"
        >
          CVC
        </div>
        <p
          className="styles__CardCvc-sc-4f1d5k-4 hTCMql"
        />
      </div>
    </div>
  </div>
  <div>
    <form
      action=""
      className="styles__ContainerForm-sc-wedmof-0 dPZUAw"
    >
      <div>
        <p
          className="styles__Text-sc-wedmof-4 iCLgfV"
        >
          Número do cartão
        </p>
        <input
          className="styles__InputLarge-sc-wedmof-1 cpyqzR"
          onChange={[Function]}
          type="number"
        />
      </div>
      <div>
        <p
          className="styles__Text-sc-wedmof-4 iCLgfV"
        >
          Nome do titular
        </p>
        <input
          className="styles__InputLarge-sc-wedmof-1 cpyqzR"
          onChange={[Function]}
          type="text"
        />
      </div>
      <div
        className="styles__BoxInputSmall-sc-wedmof-2 lnSgfT"
      >
        <div>
          <p
            className="styles__Text-sc-wedmof-4 iCLgfV"
          >
            Expiração
          </p>
          <input
            className="styles__InputSmall-sc-wedmof-3 SFUAC"
            onChange={[Function]}
            type="number"
          />
        </div>
        <div>
          <p
            className="styles__Text-sc-wedmof-4 iCLgfV"
          >
            CVC
          </p>
          <input
            className="styles__InputSmall-sc-wedmof-3 SFUAC"
            onChange={[Function]}
            type="number"
          />
        </div>
      </div>
      <div
        className="styles__BoxButton-sc-wedmof-5 jprGjP"
      >
        <button
          className="styles__ButtonAddCard-sc-11nj3cj-0 eZHHSY"
        >
          Adicionar
        </button>
      </div>
    </form>
  </div>
</div>
`;
